2026-10-06 09:06:33 [    INFO] Abriendo página de login: https://www.saucedemo.com/ (test_saucedemo.py:51)
2026-10-06 09:06:33 [    INFO] Esperando visibilidad del campo de usuario... (test_saucedemo.py:54)
2026-10-06 09:06:33 [    INFO] Ingresando usuario: standard_user (test_saucedemo.py:59)
2026-10-06 09:06:33 [    INFO] Esperando visibilidad del campo de contraseña... (test_saucedemo.py:63)
2026-10-06 09:06:33 [    INFO] Ingresando contraseña... (test_saucedemo.py:68)
2026-10-06 09:06:33 [    INFO] Esperando que el botón de login esté clickeable... (test_saucedemo.py:72)
2026-10-06 09:06:33 [    INFO] Haciendo clic en el botón de login... (test_saucedemo.py:77)
2026-10-06 09:06:33 [    INFO] Esperando redirección a la página de inventario... (test_saucedemo.py:80)
2026-10-06 09:06:33 [    INFO] Validando que la URL contenga /inventory.html (test_saucedemo.py:83)
2026-10-06 09:06:33 [    INFO] Validando título de la página... (test_saucedemo.py:89)
2026-10-06 09:06:33 [    INFO] Validando encabezado 'Products' en el catálogo... (test_saucedemo.py:94)
2026-10-06 09:06:33 [    INFO] Login exitoso. Test finalizado correctamente. (test_saucedemo.py:106)
